<?xml version="1.0" encoding="UTF-8"?>
<TestRun id="f240d1bd-010e-46ca-af39-1eaa39296047" name="18ochapala@D22-P01 2019-10-16 14:05:53" runUser="ESTRANSUP\18ochapala" xmlns="http://microsoft.com/schemas/VisualStudio/TeamTest/2010">
  <TestSettings name="Local" id="5496a725-e6d4-4eb9-a855-6f81fb958bc6">
    <Description>Il s'agit des paramètres de test par défaut pour une série de tests locale.</Description>
    <Deployment enabled="false" runDeploymentRoot="18ochapala_D22-P01 2019-10-16 14_05_53">
      <DeploymentItem filename="C:\Users\18ochapala\documents\visual studio 2010\Projects\TestUnitaires1\TestUnitaires1\bin\Debug\TestUnitaires1.dll" />
    </Deployment>
    <Execution>
      <TestTypeSpecific />
      <AgentRule name="Execution Agents">
      </AgentRule>
    </Execution>
  </TestSettings>
  <Times creation="2019-10-16T14:05:53.8972007+02:00" queuing="2019-10-16T14:05:53.9392224+02:00" start="2019-10-16T14:05:53.9462063+02:00" finish="2019-10-16T14:05:54.1566990+02:00" />
  <ResultSummary outcome="Completed">
    <Counters total="1" executed="1" passed="1" error="0" failed="0" timeout="0" aborted="0" inconclusive="0" passedButRunAborted="0" notRunnable="0" notExecuted="0" disconnected="0" warning="0" completed="0" inProgress="0" pending="0" />
  </ResultSummary>
  <TestDefinitions>
    <UnitTest name="CarreTest" storage="c:\users\18ochapala\documents\visual studio 2010\projects\testunitaires1\testproject1\bin\debug\testproject1.dll" id="c4426f4f-2825-b3cd-7e89-794c4b7a3c4f">
      <Execution id="7ebdfca9-3c68-4515-a5e9-d7298939eb8e" />
      <TestMethod codeBase="C:/Users/18ochapala/documents/visual studio 2010/Projects/TestUnitaires1/TestProject1/bin/Debug/TestProject1.DLL" adapterTypeName="Microsoft.VisualStudio.TestTools.TestTypes.Unit.UnitTestAdapter, Microsoft.VisualStudio.QualityTools.Tips.UnitTest.Adapter, Version=10.0.0.0, Culture=neutral, PublicKeyToken=b03f5f7f11d50a3a" className="TestProject1.operationsTest, TestProject1, Version=1.0.0.0, Culture=neutral, PublicKeyToken=null" name="CarreTest" />
    </UnitTest>
  </TestDefinitions>
  <TestLists>
    <TestList name="Les résultats ne figurent pas dans une liste" id="8c84fa94-04c1-424b-9868-57a2d4851a1d" />
    <TestList name="Tous les résultats chargés" id="19431567-8539-422a-85d7-44ee4e166bda" />
  </TestLists>
  <TestEntries>
    <TestEntry testId="c4426f4f-2825-b3cd-7e89-794c4b7a3c4f" executionId="7ebdfca9-3c68-4515-a5e9-d7298939eb8e" testListId="8c84fa94-04c1-424b-9868-57a2d4851a1d" />
  </TestEntries>
  <Results>
    <UnitTestResult executionId="7ebdfca9-3c68-4515-a5e9-d7298939eb8e" testId="c4426f4f-2825-b3cd-7e89-794c4b7a3c4f" testName="CarreTest" computerName="D22-P01" duration="00:00:00.0081951" startTime="2019-10-16T14:05:53.9561764+02:00" endTime="2019-10-16T14:05:54.1376918+02:00" testType="13cdc9d9-ddb5-4fa4-a97d-d965ccfc6d4b" outcome="Passed" testListId="8c84fa94-04c1-424b-9868-57a2d4851a1d" relativeResultsDirectory="7ebdfca9-3c68-4515-a5e9-d7298939eb8e">
    </UnitTestResult>
  </Results>
</TestRun>